PASS  desktop 1440  /
PASS  desktop 1440  /books
PASS  desktop 1440  /ebooks
PASS  desktop 1440  /authors
PASS  desktop 1440  /categories
PASS  desktop 1440  /about
PASS  desktop 1440  /cart
PASS  desktop 1440  /search?q=moon
PASS  desktop 1440  /blog
PASS  desktop 1440  /terms
PASS  desktop 1440  /privacy
PASS  desktop 1440  /bonus
PASS  desktop 1440  /weather-permitting-bonus
PASS  desktop 1440  /long-way-back-bonus
PASS  desktop 1440  /books/weather-permitting
PASS  desktop 1440  /books/the-great-book-of-world-games
PASS  desktop 1440  /books/meditations
PASS  desktop 1440  /authors/emre-dogan
PASS  desktop 1440  /categories/myth-and-folklore
PASS  desktop 1440  /companion/hangul
PASS  desktop 1440  /blog/mancala-which-game-to-start-with
PASS  phone 393     /
PASS  phone 393     /books
PASS  phone 393     /ebooks
PASS  phone 393     /authors
PASS  phone 393     /categories
PASS  phone 393     /about
PASS  phone 393     /cart
PASS  phone 393     /search?q=moon
PASS  phone 393     /blog
PASS  phone 393     /terms
PASS  phone 393     /privacy
PASS  phone 393     /bonus
PASS  phone 393     /weather-permitting-bonus
PASS  phone 393     /long-way-back-bonus
PASS  phone 393     /books/weather-permitting
PASS  phone 393     /books/the-great-book-of-world-games
PASS  phone 393     /books/meditations
PASS  phone 393     /authors/emre-dogan
PASS  phone 393     /categories/myth-and-folklore
PASS  phone 393     /companion/hangul
PASS  phone 393     /blog/mancala-which-game-to-start-with

21 pages × 2 sizes · 0 violations
axe exit: 0
